## GIT - commit/pull/push/branch

Guled@DESKTOP-9OO19FU MINGW64 ~/Work--1 (main)
$ cd work
bash: cd: work: No such file or directory

Guled@DESKTOP-9OO19FU MINGW64 ~/Work--1 (main)
$ whoami
Guled

Guled@DESKTOP-9OO19FU MINGW64 ~/Work--1 (main)
$ cd work--1
bash: cd: work--1: No such file or directory

Guled@DESKTOP-9OO19FU MINGW64 ~/Work--1 (main)
$ git add README.md 

Guled@DESKTOP-9OO19FU MINGW64 ~/Work--1 (main)
$ git status
On branch main
Your branch is up to date with 'origin/main'.

Changes to be committed:
  (use "git restore --staged <file>..." to unstage)
        modified:   README.md


Guled@DESKTOP-9OO19FU MINGW64 ~/Work--1 (main)
$ git commit -m "How to work towrards a DevOps Role"
[main ffbd667] How to work towrards a DevOps Role
 1 file changed, 1 insertion(+), 1 deletion(-)

Guled@DESKTOP-9OO19FU MINGW64 ~/Work--1 (main)
$ git push
Enumerating objects: 5, done.
Counting objects: 100% (5/5), done.
Delta compression using up to 8 threads
Compressing objects: 100% (2/2), done.
Writing objects: 100% (3/3), 542 bytes | 542.00 KiB/s, done.
Total 3 (delta 0), reused 0 (delta 0), pack-reused 0 (from 0)
To https://github.com/Guled-Mahamud/Work-.git
   1ba2ba3..ffbd667  main -> main

Guled@DESKTOP-9OO19FU MINGW64 ~/Work--1 (main)
$ git pull
Already up to date.

Guled@DESKTOP-9OO19FU MINGW64 ~/Work--1 (main)
$ History
bash: History: command not found

Guled@DESKTOP-9OO19FU MINGW64 ~/Work--1 (main)
$ history
    1  cd work
    2  whoami
    3  cd work--1
    4  git add README.md
    5  git status
    6  git commit -m "How to work towrards a DevOps Role"
    7  git push
    8  git pull
    9  History
   10  history

Guled@DESKTOP-9OO19FU MINGW64 ~/Work--1 (main)
$ git branch Update/README

Guled@DESKTOP-9OO19FU MINGW64 ~/Work--1 (main)
$ git status
On branch main
Your branch is up to date with 'origin/main'.

nothing to commit, working tree clean

Guled@DESKTOP-9OO19FU MINGW64 ~/Work--1 (main)
$ git checkout Update/README
Switched to branch 'Update/README'

Guled@DESKTOP-9OO19FU MINGW64 ~/Work--1 (Update/README)
$ git status
On branch Update/README
nothing to commit, working tree clean

Guled@DESKTOP-9OO19FU MINGW64 ~/Work--1 (Update/README)
$ git status
On branch Update/README
nothing to commit, working tree clean

Guled@DESKTOP-9OO19FU MINGW64 ~/Work--1 (Update/README)
$ git status
On branch Update/README
Changes not staged for commit:
  (use "git add <file>..." to update what will be committed)
  (use "git restore <file>..." to discard changes in working directory)
        modified:   README.md

no changes added to commit (use "git add" and/or "git commit -a")

Guled@DESKTOP-9OO19FU MINGW64 ~/Work--1 (Update/README)
$ git add README.md

Guled@DESKTOP-9OO19FU MINGW64 ~/Work--1 (Update/README)
$ git status
On branch Update/README
Changes to be committed:
  (use "git restore --staged <file>..." to unstage)
        modified:   README.md


Guled@DESKTOP-9OO19FU MINGW64 ~/Work--1 (Update/README)
$ git commit -m "inspire people to work hard"
[Update/README db43d34] inspire people to work hard
 1 file changed, 1 insertion(+)

Guled@DESKTOP-9OO19FU MINGW64 ~/Work--1 (Update/README)
$ git status
On branch Update/README
nothing to commit, working tree clean

Guled@DESKTOP-9OO19FU MINGW64 ~/Work--1 (Update/README)
$ git push
fatal: The current branch Update/README has no upstream branch.
To push the current branch and set the remote as upstream, use

    git push --set-upstream origin Update/README

To have this happen automatically for branches without a tracking
upstream, see 'push.autoSetupRemote' in 'git help config'.


Guled@DESKTOP-9OO19FU MINGW64 ~/Work--1 (Update/README)
$ git push --set-upstream origin Update/README
Enumerating objects: 5, done.
Counting objects: 100% (5/5), done.
Delta compression using up to 8 threads
Compressing objects: 100% (2/2), done.
Writing objects: 100% (3/3), 320 bytes | 320.00 KiB/s, done.
Total 3 (delta 1), reused 0 (delta 0), pack-reused 0 (from 0)
remote: Resolving deltas: 100% (1/1), completed with 1 local object.
remote:
remote: Create a pull request for 'Update/README' on GitHub by visiting:
remote:      https://github.com/Guled-Mahamud/Work-/pull/new/Update/README
remote:
To https://github.com/Guled-Mahamud/Work-.git
 * [new branch]      Update/README -> Update/README
branch 'Update/README' set up to track 'origin/Update/README'.

Guled@DESKTOP-9OO19FU MINGW64 ~/Work--1 (Update/README)
$ git status
On branch Update/README
Your branch is up to date with 'origin/Update/README'.

nothing to commit, working tree clean

Guled@DESKTOP-9OO19FU MINGW64 ~/Work--1 (Update/README)
$ git checkout main
Switched to branch 'main'
Your branch is up to date with 'origin/main'.

Guled@DESKTOP-9OO19FU MINGW64 ~/Work--1 (main)
$ git pull
remote: Enumerating objects: 1, done.
remote: Counting objects: 100% (1/1), done.
remote: Total 1 (delta 0), reused 0 (delta 0), pack-reused 0 (from 0)
Unpacking objects: 100% (1/1), 895 bytes | 127.00 KiB/s, done.
From https://github.com/Guled-Mahamud/Work-
   ffbd667..558d26e  main       -> origin/main
Updating ffbd667..558d26e
Fast-forward
 README.md | 1 +
 1 file changed, 1 insertion(+)

Guled@DESKTOP-9OO19FU MINGW64 ~/Work--1 (main)